// Jest Snapshot v1, https://goo.gl/fbAQLP

exports[`NewProjectForm should match the snapshot 1`] = `
<section>
  <button
    className="toggle-form"
    onClick={[Function]}
  >
    Save project
  </button>
</section>
`;
