// Jest Snapshot v1, https://goo.gl/fbAQLP

exports[`Generator should match the snapshot 1`] = `
<div>
  <h1>
    Color Therapy
  </h1>
  <section
    className="palette-container"
  >
    <div
      className="color-container"
      id="color1"
      style={
        Object {
          "backgroundColor": "#f7c269",
        }
      }
    >
      <img
        className="color-lock"
        id="1"
        onClick={[Function]}
        src={
          Object {
            "ReactComponent": Object {
              "$$typeof": Symbol(react.forward_ref),
              "render": [Function],
            },
            "__esModule": true,
            "default": "unlocked.svg",
          }
        }
        value="Lock Color"
      />
      <p
        className="hex-color"
      >
        #f7c269
      </p>
    </div>
    <div
      className="color-container"
      id="color2"
      style={
        Object {
          "backgroundColor": "#8859d2",
        }
      }
    >
      <img
        className="color-lock"
        id="2"
        onClick={[Function]}
        src={
          Object {
            "ReactComponent": Object {
              "$$typeof": Symbol(react.forward_ref),
              "render": [Function],
            },
            "__esModule": true,
            "default": "unlocked.svg",
          }
        }
        value="Lock Color"
      />
      <p
        className="hex-color"
      >
        #8859d2
      </p>
    </div>
    <div
      className="color-container"
      id="color3"
      style={
        Object {
          "backgroundColor": "#f83dda",
        }
      }
    >
      <img
        className="color-lock"
        id="3"
        onClick={[Function]}
        src={
          Object {
            "ReactComponent": Object {
              "$$typeof": Symbol(react.forward_ref),
              "render": [Function],
            },
            "__esModule": true,
            "default": "unlocked.svg",
          }
        }
        value="Lock Color"
      />
      <p
        className="hex-color"
      >
        #f83dda
      </p>
    </div>
    <div
      className="color-container"
      id="color4"
      style={
        Object {
          "backgroundColor": "#0e5aaa",
        }
      }
    >
      <img
        className="color-lock"
        id="4"
        onClick={[Function]}
        src={
          Object {
            "ReactComponent": Object {
              "$$typeof": Symbol(react.forward_ref),
              "render": [Function],
            },
            "__esModule": true,
            "default": "unlocked.svg",
          }
        }
        value="Lock Color"
      />
      <p
        className="hex-color"
      >
        #0e5aaa
      </p>
    </div>
    <div
      className="color-container"
      id="color5"
      style={
        Object {
          "backgroundColor": "#568c7a",
        }
      }
    >
      <img
        className="color-lock"
        id="5"
        onClick={[Function]}
        src={
          Object {
            "ReactComponent": Object {
              "$$typeof": Symbol(react.forward_ref),
              "render": [Function],
            },
            "__esModule": true,
            "default": "unlocked.svg",
          }
        }
        value="Lock Color"
      />
      <p
        className="hex-color"
      >
        #568c7a
      </p>
    </div>
  </section>
  <section
    className="generate-palette"
  >
    <input
      className="generate-palette-btn button"
      onClick={[Function]}
      type="button"
      value="Generate colors"
    />
  </section>
  <Connect(NewPaletteForm)
    addNewPalette={[Function]}
  />
</div>
`;
