// Jest Snapshot v1, https://goo.gl/fbAQLP

exports[`App should match snapshot 1`] = `
<div
  className="App"
>
  <Connect(Generator) />
  <Connect(ProjectContainer) />
</div>
`;
