// Jest Snapshot v1, https://goo.gl/fbAQLP

exports[`NewPaletteForm should match the snapshot 1`] = `
<section>
  <button
    className="toggle-form toggle-btn"
    onClick={[Function]}
  >
    Save a palette
  </button>
</section>
`;
